// Jest Snapshot v1, https://goo.gl/fbAQLP

exports[`Nanoid snapshot should match the expected structure snapshot 1`] = `
{
  "edgeCases": {
    "emptyStrings": {
      "auth0Id": "",
      "listId": "",
      "taskId": "",
      "userId": "",
    },
    "specialChars": {
      "auth0Id": "auth0|special!@#",
      "listId": "list#789$",
      "taskId": "task#456$",
      "userId": "user@123!",
    },
  },
  "errors": {
    "importError": "Failed to import nanoid",
    "serviceError": "Service error",
    "userNotFound": "User with auth0Id auth0|123456 not found",
  },
  "mockResponses": {
    "nanoid": {
      "default": "mocked-nanoid",
      "sequence": [
        "id1",
        "id2",
        "id3",
      ],
    },
    "user": {
      "withId": {
        "_id": "user123",
        "auth0Id": "auth0|123456",
      },
      "withUndefinedId": {
        "_id": undefined,
        "auth0Id": "auth0|123456",
      },
      "withoutId": {
        "auth0Id": "auth0|123456",
      },
    },
  },
  "validInputs": {
    "auth0Id": "auth0|123456",
    "email": "test@example.com",
    "listId": "list789",
    "name": "Test User",
    "query": "searchQuery",
    "taskId": "task456",
    "userId": "user123",
  },
}
`;
